0 verbose cli C:\Program Files\nodejs\node.exe C:\Program Files\nodejs\node_modules\npm\bin\npm-cli.js
1 info using npm@10.2.3
2 info using node@v20.10.0
3 timing npm:load:whichnode Completed in 2ms
4 timing config:load:defaults Completed in 2ms
5 timing config:load:file:C:\Program Files\nodejs\node_modules\npm\npmrc Completed in 5ms
6 timing config:load:builtin Completed in 5ms
7 timing config:load:cli Completed in 2ms
8 timing config:load:env Completed in 0ms
9 timing config:load:project Completed in 2ms
10 timing config:load:file:C:\Users\asus\.npmrc Completed in 1ms
11 timing config:load:user Completed in 1ms
12 timing config:load:file:C:\Users\asus\AppData\Roaming\npm\etc\npmrc Completed in 0ms
13 timing config:load:global Completed in 0ms
14 timing config:load:setEnvs Completed in 1ms
15 timing config:load Completed in 14ms
16 timing npm:load:configload Completed in 14ms
17 timing config:load:flatten Completed in 2ms
18 timing npm:load:mkdirpcache Completed in 1ms
19 timing npm:load:mkdirplogs Completed in 0ms
20 verbose title npm install create-react-app
21 verbose argv "install" "--global" "create-react-app"
22 timing npm:load:setTitle Completed in 1ms
23 timing npm:load:display Completed in 0ms
24 verbose logfile logs-max:10 dir:C:\Users\asus\AppData\Local\npm-cache\_logs\2023-12-18T11_17_04_375Z-
25 verbose logfile C:\Users\asus\AppData\Local\npm-cache\_logs\2023-12-18T11_17_04_375Z-debug-0.log
26 timing npm:load:logFile Completed in 10ms
27 timing npm:load:timers Completed in 0ms
28 timing npm:load:configScope Completed in 0ms
29 timing npm:load Completed in 66ms
30 timing config:load:flatten Completed in 0ms
31 timing arborist:ctor Completed in 1ms
32 silly logfile done cleaning log files
33 timing idealTree:init Completed in 5ms
34 timing idealTree:userRequests Completed in 3ms
35 silly idealTree buildDeps
36 silly fetch manifest create-react-app@*
37 http fetch GET 200 https://registry.npmjs.org/create-react-app 5881ms (cache revalidated)
38 silly placeDep ROOT create-react-app@5.0.1 OK for:  want: *
39 silly fetch manifest chalk@^4.1.2
40 silly fetch manifest commander@^4.1.1
41 silly fetch manifest cross-spawn@^7.0.3
42 silly fetch manifest envinfo@^7.8.1
43 silly fetch manifest fs-extra@^10.0.0
44 silly fetch manifest hyperquest@^2.1.3
45 silly fetch manifest prompts@^2.4.2
46 silly fetch manifest semver@^7.3.5
47 silly fetch manifest tar-pack@^3.4.1
48 silly fetch manifest tmp@^0.2.1
49 silly fetch manifest validate-npm-package-name@^3.0.0
50 http fetch GET 200 https://registry.npmjs.org/validate-npm-package-name 890ms (cache revalidated)
51 http fetch GET 200 https://registry.npmjs.org/hyperquest 894ms (cache revalidated)
52 http fetch GET 200 https://registry.npmjs.org/fs-extra 895ms (cache revalidated)
53 http fetch GET 200 https://registry.npmjs.org/commander 900ms (cache revalidated)
54 http fetch GET 200 https://registry.npmjs.org/cross-spawn 901ms (cache revalidated)
55 http fetch GET 200 https://registry.npmjs.org/tmp 899ms (cache revalidated)
56 http fetch GET 200 https://registry.npmjs.org/tar-pack 901ms (cache revalidated)
57 http fetch GET 200 https://registry.npmjs.org/semver 901ms (cache revalidated)
58 http fetch GET 200 https://registry.npmjs.org/envinfo 905ms (cache revalidated)
59 http fetch GET 200 https://registry.npmjs.org/prompts 909ms (cache revalidated)
60 http fetch GET 200 https://registry.npmjs.org/chalk 1256ms (cache revalidated)
61 timing idealTree:#root Completed in 7146ms
62 silly placeDep node_modules/create-react-app chalk@4.1.2 OK for: create-react-app@5.0.1 want: ^4.1.2
63 silly fetch manifest ansi-styles@^4.1.0
64 silly fetch manifest supports-color@^7.1.0
65 silly placeDep node_modules/create-react-app commander@4.1.1 OK for: create-react-app@5.0.1 want: ^4.1.1
66 silly placeDep node_modules/create-react-app cross-spawn@7.0.3 OK for: create-react-app@5.0.1 want: ^7.0.3
67 silly fetch manifest path-key@^3.1.0
68 silly fetch manifest shebang-command@^2.0.0
69 silly fetch manifest which@^2.0.1
70 silly placeDep node_modules/create-react-app envinfo@7.11.0 OK for: create-react-app@5.0.1 want: ^7.8.1
71 silly placeDep node_modules/create-react-app fs-extra@10.1.0 OK for: create-react-app@5.0.1 want: ^10.0.0
72 silly fetch manifest graceful-fs@^4.2.0
73 silly fetch manifest jsonfile@^6.0.1
74 silly fetch manifest universalify@^2.0.0
75 silly placeDep node_modules/create-react-app hyperquest@2.1.3 OK for: create-react-app@5.0.1 want: ^2.1.3
76 silly fetch manifest buffer-from@^0.1.1
77 silly fetch manifest duplexer2@~0.0.2
78 silly fetch manifest through2@~0.6.3
79 silly placeDep node_modules/create-react-app prompts@2.4.2 OK for: create-react-app@5.0.1 want: ^2.4.2
80 silly fetch manifest kleur@^3.0.3
81 silly fetch manifest sisteransi@^1.0.5
82 silly placeDep node_modules/create-react-app semver@7.5.4 OK for: create-react-app@5.0.1 want: ^7.3.5
83 silly fetch manifest lru-cache@^6.0.0
84 silly placeDep node_modules/create-react-app tar-pack@3.4.1 OK for: create-react-app@5.0.1 want: ^3.4.1
85 silly fetch manifest debug@^2.2.0
86 silly fetch manifest fstream@^1.0.10
87 silly fetch manifest fstream-ignore@^1.0.5
88 silly fetch manifest once@^1.3.3
89 silly fetch manifest readable-stream@^2.1.4
90 silly fetch manifest rimraf@^2.5.1
91 silly fetch manifest tar@^2.2.1
92 silly fetch manifest uid-number@^0.0.6
93 silly placeDep node_modules/create-react-app tmp@0.2.1 OK for: create-react-app@5.0.1 want: ^0.2.1
94 silly fetch manifest rimraf@^3.0.0
95 silly placeDep node_modules/create-react-app validate-npm-package-name@3.0.0 OK for: create-react-app@5.0.1 want: ^3.0.0
96 silly fetch manifest builtins@^1.0.3
97 http fetch GET 200 https://registry.npmjs.org/shebang-command 146ms (cache revalidated)
98 http fetch GET 200 https://registry.npmjs.org/ansi-styles 150ms (cache revalidated)
99 http fetch GET 200 https://registry.npmjs.org/duplexer2 144ms (cache revalidated)
100 http fetch GET 200 https://registry.npmjs.org/supports-color 152ms (cache revalidated)
101 http fetch GET 200 https://registry.npmjs.org/universalify 147ms (cache revalidated)
102 http fetch GET 200 https://registry.npmjs.org/graceful-fs 149ms (cache revalidated)
103 http fetch GET 200 https://registry.npmjs.org/path-key 197ms (cache revalidated)
104 http fetch GET 200 https://registry.npmjs.org/jsonfile 196ms (cache revalidated)
105 http fetch GET 200 https://registry.npmjs.org/debug 190ms (cache revalidated)
106 http fetch GET 200 https://registry.npmjs.org/lru-cache 193ms (cache revalidated)
107 http fetch GET 200 https://registry.npmjs.org/buffer-from 383ms (cache revalidated)
108 http fetch GET 200 https://registry.npmjs.org/uid-number 981ms (cache revalidated)
109 http fetch GET 200 https://registry.npmjs.org/sisteransi 991ms (cache revalidated)
110 http fetch GET 200 https://registry.npmjs.org/builtins 980ms (cache revalidated)
111 http fetch GET 200 https://registry.npmjs.org/kleur 993ms (cache revalidated)
112 http fetch GET 200 https://registry.npmjs.org/which 1000ms (cache revalidated)
113 http fetch GET 200 https://registry.npmjs.org/fstream-ignore 990ms (cache revalidated)
114 http fetch GET 200 https://registry.npmjs.org/through2 997ms (cache revalidated)
115 http fetch GET 200 https://registry.npmjs.org/rimraf 989ms (cache revalidated)
116 http fetch GET 200 https://registry.npmjs.org/once 993ms (cache revalidated)
117 http fetch GET 200 https://registry.npmjs.org/readable-stream 993ms (cache revalidated)
118 http fetch GET 200 https://registry.npmjs.org/tar 995ms (cache revalidated)
119 http fetch GET 200 https://registry.npmjs.org/rimraf 1057ms (cache revalidated)
120 http fetch GET 200 https://registry.npmjs.org/fstream 1093ms (cache revalidated)
121 timing idealTree:node_modules/create-react-app Completed in 1116ms
122 silly placeDep node_modules/create-react-app ansi-styles@4.3.0 OK for: chalk@4.1.2 want: ^4.1.0
123 silly fetch manifest color-convert@^2.0.1
124 silly placeDep node_modules/create-react-app supports-color@7.2.0 OK for: chalk@4.1.2 want: ^7.1.0
125 silly fetch manifest has-flag@^4.0.0
126 http fetch GET 200 https://registry.npmjs.org/has-flag 221ms (cache revalidated)
127 http fetch GET 200 https://registry.npmjs.org/color-convert 224ms (cache revalidated)
128 timing idealTree:node_modules/create-react-app/node_modules/chalk Completed in 227ms
129 silly placeDep node_modules/create-react-app color-convert@2.0.1 OK for: ansi-styles@4.3.0 want: ^2.0.1
130 silly fetch manifest color-name@~1.1.4
131 http fetch GET 200 https://registry.npmjs.org/color-name 220ms (cache revalidated)
132 timing idealTree:node_modules/create-react-app/node_modules/ansi-styles Completed in 223ms
133 silly placeDep node_modules/create-react-app color-name@1.1.4 OK for: color-convert@2.0.1 want: ~1.1.4
134 timing idealTree:node_modules/create-react-app/node_modules/color-convert Completed in 1ms
135 timing idealTree:node_modules/create-react-app/node_modules/color-name Completed in 0ms
136 timing idealTree:node_modules/create-react-app/node_modules/commander Completed in 0ms
137 silly placeDep node_modules/create-react-app path-key@3.1.1 OK for: cross-spawn@7.0.3 want: ^3.1.0
138 silly placeDep node_modules/create-react-app shebang-command@2.0.0 OK for: cross-spawn@7.0.3 want: ^2.0.0
139 silly fetch manifest shebang-regex@^3.0.0
140 silly placeDep node_modules/create-react-app which@2.0.2 OK for: cross-spawn@7.0.3 want: ^2.0.1
141 silly fetch manifest isexe@^2.0.0
142 http fetch GET 200 https://registry.npmjs.org/shebang-regex 95ms (cache revalidated)
143 http fetch GET 200 https://registry.npmjs.org/isexe 94ms (cache revalidated)
144 timing idealTree:node_modules/create-react-app/node_modules/cross-spawn Completed in 100ms
145 timing idealTree:node_modules/create-react-app/node_modules/envinfo Completed in 0ms
146 silly placeDep node_modules/create-react-app graceful-fs@4.2.11 OK for: fs-extra@10.1.0 want: ^4.2.0
147 silly placeDep node_modules/create-react-app jsonfile@6.1.0 OK for: fs-extra@10.1.0 want: ^6.0.1
148 silly placeDep node_modules/create-react-app universalify@2.0.1 OK for: fs-extra@10.1.0 want: ^2.0.0
149 timing idealTree:node_modules/create-react-app/node_modules/fs-extra Completed in 4ms
150 timing idealTree:node_modules/create-react-app/node_modules/graceful-fs Completed in 0ms
151 silly placeDep node_modules/create-react-app buffer-from@0.1.2 OK for: hyperquest@2.1.3 want: ^0.1.1
152 silly placeDep node_modules/create-react-app duplexer2@0.0.2 OK for: hyperquest@2.1.3 want: ~0.0.2
153 silly fetch manifest readable-stream@~1.1.9
154 silly placeDep node_modules/create-react-app through2@0.6.5 OK for: hyperquest@2.1.3 want: ~0.6.3
155 silly fetch manifest readable-stream@>=1.0.33-1 <1.1.0-0
156 silly fetch manifest xtend@>=4.0.0 <4.1.0-0
157 http fetch GET 200 https://registry.npmjs.org/xtend 96ms (cache revalidated)
158 timing idealTree:node_modules/create-react-app/node_modules/hyperquest Completed in 101ms
159 timing idealTree:node_modules/create-react-app/node_modules/buffer-from Completed in 0ms
160 silly placeDep node_modules/create-react-app readable-stream@1.1.14 OK for: duplexer2@0.0.2 want: ~1.1.9
161 silly fetch manifest core-util-is@~1.0.0
162 silly fetch manifest isarray@0.0.1
163 silly fetch manifest string_decoder@~0.10.x
164 silly fetch manifest inherits@~2.0.1
165 http fetch GET 200 https://registry.npmjs.org/inherits 99ms (cache revalidated)
166 http fetch GET 200 https://registry.npmjs.org/isarray 101ms (cache revalidated)
167 http fetch GET 200 https://registry.npmjs.org/core-util-is 101ms (cache revalidated)
168 http fetch GET 200 https://registry.npmjs.org/string_decoder 104ms (cache revalidated)
169 timing idealTree:node_modules/create-react-app/node_modules/duplexer2 Completed in 109ms
170 timing idealTree:node_modules/create-react-app/node_modules/jsonfile Completed in 0ms
171 timing idealTree:node_modules/create-react-app/node_modules/path-key Completed in 0ms
172 silly placeDep node_modules/create-react-app kleur@3.0.3 OK for: prompts@2.4.2 want: ^3.0.3
173 silly placeDep node_modules/create-react-app sisteransi@1.0.5 OK for: prompts@2.4.2 want: ^1.0.5
174 timing idealTree:node_modules/create-react-app/node_modules/prompts Completed in 2ms
175 timing idealTree:node_modules/create-react-app/node_modules/kleur Completed in 0ms
176 silly placeDep node_modules/create-react-app core-util-is@1.0.3 OK for: readable-stream@1.1.14 want: ~1.0.0
177 silly placeDep node_modules/create-react-app inherits@2.0.4 OK for: readable-stream@1.1.14 want: ~2.0.1
178 silly placeDep node_modules/create-react-app isarray@0.0.1 OK for: readable-stream@1.1.14 want: 0.0.1
179 silly placeDep node_modules/create-react-app string_decoder@0.10.31 OK for: readable-stream@1.1.14 want: ~0.10.x
180 timing idealTree:node_modules/create-react-app/node_modules/readable-stream Completed in 4ms
181 timing idealTree:node_modules/create-react-app/node_modules/core-util-is Completed in 0ms
182 timing idealTree:node_modules/create-react-app/node_modules/inherits Completed in 0ms
183 timing idealTree:node_modules/create-react-app/node_modules/isarray Completed in 0ms
184 silly placeDep node_modules/create-react-app lru-cache@6.0.0 OK for: semver@7.5.4 want: ^6.0.0
185 silly fetch manifest yallist@^4.0.0
186 http fetch GET 200 https://registry.npmjs.org/yallist 952ms (cache revalidated)
187 timing idealTree:node_modules/create-react-app/node_modules/semver Completed in 954ms
188 silly placeDep node_modules/create-react-app yallist@4.0.0 OK for: lru-cache@6.0.0 want: ^4.0.0
189 timing idealTree:node_modules/create-react-app/node_modules/lru-cache Completed in 1ms
190 silly placeDep node_modules/create-react-app shebang-regex@3.0.0 OK for: shebang-command@2.0.0 want: ^3.0.0
191 timing idealTree:node_modules/create-react-app/node_modules/shebang-command Completed in 1ms
192 timing idealTree:node_modules/create-react-app/node_modules/shebang-regex Completed in 0ms
193 timing idealTree:node_modules/create-react-app/node_modules/sisteransi Completed in 0ms
194 timing idealTree:node_modules/create-react-app/node_modules/string_decoder Completed in 0ms
195 silly placeDep node_modules/create-react-app has-flag@4.0.0 OK for: supports-color@7.2.0 want: ^4.0.0
196 timing idealTree:node_modules/create-react-app/node_modules/supports-color Completed in 1ms
197 timing idealTree:node_modules/create-react-app/node_modules/has-flag Completed in 0ms
198 silly placeDep node_modules/create-react-app debug@2.6.9 OK for: tar-pack@3.4.1 want: ^2.2.0
199 silly fetch manifest ms@2.0.0
200 silly placeDep node_modules/create-react-app fstream@1.0.12 OK for: tar-pack@3.4.1 want: ^1.0.10
201 silly fetch manifest mkdirp@>=0.5 0
202 silly fetch manifest rimraf@2
203 silly placeDep node_modules/create-react-app fstream-ignore@1.0.5 OK for: tar-pack@3.4.1 want: ^1.0.5
204 silly fetch manifest minimatch@^3.0.0
205 silly placeDep node_modules/create-react-app once@1.4.0 OK for: tar-pack@3.4.1 want: ^1.3.3
206 silly fetch manifest wrappy@1
207 silly placeDep node_modules/create-react-app/node_modules/tar-pack readable-stream@2.3.8 OK for: tar-pack@3.4.1 want: ^2.1.4
208 silly fetch manifest isarray@~1.0.0
209 silly fetch manifest process-nextick-args@~2.0.0
210 silly fetch manifest safe-buffer@~5.1.1
211 silly fetch manifest string_decoder@~1.1.1
212 silly fetch manifest util-deprecate@~1.0.1
213 silly placeDep node_modules/create-react-app rimraf@2.7.1 OK for: tar-pack@3.4.1 want: ^2.5.1
214 silly fetch manifest glob@^7.1.3
215 silly placeDep node_modules/create-react-app tar@2.2.2 OK for: tar-pack@3.4.1 want: ^2.2.1
216 silly fetch manifest block-stream@*
217 silly placeDep node_modules/create-react-app uid-number@0.0.6 OK for: tar-pack@3.4.1 want: ^0.0.6
218 http fetch GET 200 https://registry.npmjs.org/util-deprecate 89ms (cache revalidated)
219 http fetch GET 200 https://registry.npmjs.org/mkdirp 101ms (cache revalidated)
220 http fetch GET 200 https://registry.npmjs.org/block-stream 87ms (cache revalidated)
221 http fetch GET 200 https://registry.npmjs.org/minimatch 104ms (cache revalidated)
222 http fetch GET 200 https://registry.npmjs.org/safe-buffer 112ms (cache revalidated)
223 http fetch GET 200 https://registry.npmjs.org/process-nextick-args 117ms (cache revalidated)
224 http fetch GET 200 https://registry.npmjs.org/ms 126ms (cache revalidated)
225 http fetch GET 200 https://registry.npmjs.org/wrappy 144ms (cache revalidated)
226 http fetch GET 200 https://registry.npmjs.org/glob 135ms (cache revalidated)
227 timing idealTree:node_modules/create-react-app/node_modules/tar-pack Completed in 155ms
228 silly placeDep node_modules/create-react-app ms@2.0.0 OK for: debug@2.6.9 want: 2.0.0
229 timing idealTree:node_modules/create-react-app/node_modules/debug Completed in 1ms
230 silly placeDep node_modules/create-react-app mkdirp@0.5.6 OK for: fstream@1.0.12 want: >=0.5 0
231 silly fetch manifest minimist@^1.2.6
232 http fetch GET 200 https://registry.npmjs.org/minimist 537ms (cache revalidated)
233 timing idealTree:node_modules/create-react-app/node_modules/fstream Completed in 540ms
234 silly placeDep node_modules/create-react-app minimatch@3.1.2 OK for: fstream-ignore@1.0.5 want: ^3.0.0
235 silly fetch manifest brace-expansion@^1.1.7
236 http fetch GET 200 https://registry.npmjs.org/brace-expansion 648ms (cache revalidated)
237 timing idealTree:node_modules/create-react-app/node_modules/fstream-ignore Completed in 650ms
238 silly placeDep node_modules/create-react-app brace-expansion@1.1.11 OK for: minimatch@3.1.2 want: ^1.1.7
239 silly fetch manifest balanced-match@^1.0.0
240 silly fetch manifest concat-map@0.0.1
241 http fetch GET 200 https://registry.npmjs.org/concat-map 101ms (cache revalidated)
242 http fetch GET 200 https://registry.npmjs.org/balanced-match 420ms (cache revalidated)
243 timing idealTree:node_modules/create-react-app/node_modules/minimatch Completed in 421ms
244 silly placeDep node_modules/create-react-app balanced-match@1.0.2 OK for: brace-expansion@1.1.11 want: ^1.0.0
245 silly placeDep node_modules/create-react-app concat-map@0.0.1 OK for: brace-expansion@1.1.11 want: 0.0.1
246 timing idealTree:node_modules/create-react-app/node_modules/brace-expansion Completed in 2ms
247 timing idealTree:node_modules/create-react-app/node_modules/balanced-match Completed in 0ms
248 timing idealTree:node_modules/create-react-app/node_modules/concat-map Completed in 0ms
249 silly placeDep node_modules/create-react-app minimist@1.2.8 OK for: mkdirp@0.5.6 want: ^1.2.6
250 timing idealTree:node_modules/create-react-app/node_modules/mkdirp Completed in 1ms
251 timing idealTree:node_modules/create-react-app/node_modules/minimist Completed in 0ms
252 timing idealTree:node_modules/create-react-app/node_modules/ms Completed in 0ms
253 silly placeDep node_modules/create-react-app wrappy@1.0.2 OK for: once@1.4.0 want: 1
254 timing idealTree:node_modules/create-react-app/node_modules/once Completed in 1ms
255 silly placeDep node_modules/create-react-app glob@7.2.3 OK for: rimraf@2.7.1 want: ^7.1.3
256 silly fetch manifest fs.realpath@^1.0.0
257 silly fetch manifest inflight@^1.0.4
258 silly fetch manifest path-is-absolute@^1.0.0
259 http fetch GET 200 https://registry.npmjs.org/path-is-absolute 110ms (cache revalidated)
260 http fetch GET 200 https://registry.npmjs.org/fs.realpath 111ms (cache revalidated)
261 http fetch GET 200 https://registry.npmjs.org/inflight 111ms (cache revalidated)
262 timing idealTree:node_modules/create-react-app/node_modules/rimraf Completed in 114ms
263 silly placeDep node_modules/create-react-app fs.realpath@1.0.0 OK for: glob@7.2.3 want: ^1.0.0
264 silly placeDep node_modules/create-react-app inflight@1.0.6 OK for: glob@7.2.3 want: ^1.0.4
265 silly placeDep node_modules/create-react-app path-is-absolute@1.0.1 OK for: glob@7.2.3 want: ^1.0.0
266 timing idealTree:node_modules/create-react-app/node_modules/glob Completed in 3ms
267 timing idealTree:node_modules/create-react-app/node_modules/fs.realpath Completed in 0ms
268 timing idealTree:node_modules/create-react-app/node_modules/inflight Completed in 0ms
269 timing idealTree:node_modules/create-react-app/node_modules/path-is-absolute Completed in 0ms
270 silly placeDep node_modules/create-react-app block-stream@0.0.9 OK for: tar@2.2.2 want: *
271 timing idealTree:node_modules/create-react-app/node_modules/tar Completed in 1ms
272 timing idealTree:node_modules/create-react-app/node_modules/block-stream Completed in 0ms
273 silly placeDep node_modules/create-react-app/node_modules/through2 readable-stream@1.0.34 OK for: through2@0.6.5 want: >=1.0.33-1 <1.1.0-0
274 silly placeDep node_modules/create-react-app xtend@4.0.2 OK for: through2@0.6.5 want: >=4.0.0 <4.1.0-0
275 timing idealTree:node_modules/create-react-app/node_modules/through2 Completed in 3ms
276 silly placeDep node_modules/create-react-app/node_modules/tmp rimraf@3.0.2 OK for: tmp@0.2.1 want: ^3.0.0
277 timing idealTree:node_modules/create-react-app/node_modules/tmp Completed in 1ms
278 timing idealTree:node_modules/create-react-app/node_modules/uid-number Completed in 0ms
279 timing idealTree:node_modules/create-react-app/node_modules/universalify Completed in 0ms
280 silly placeDep node_modules/create-react-app builtins@1.0.3 OK for: validate-npm-package-name@3.0.0 want: ^1.0.3
281 timing idealTree:node_modules/create-react-app/node_modules/validate-npm-package-name Completed in 1ms
282 timing idealTree:node_modules/create-react-app/node_modules/builtins Completed in 0ms
283 silly placeDep node_modules/create-react-app isexe@2.0.0 OK for: which@2.0.2 want: ^2.0.0
284 timing idealTree:node_modules/create-react-app/node_modules/which Completed in 1ms
285 timing idealTree:node_modules/create-react-app/node_modules/isexe Completed in 0ms
286 timing idealTree:node_modules/create-react-app/node_modules/wrappy Completed in 0ms
287 timing idealTree:node_modules/create-react-app/node_modules/xtend Completed in 0ms
288 timing idealTree:node_modules/create-react-app/node_modules/yallist Completed in 0ms
289 silly placeDep node_modules/create-react-app/node_modules/tar-pack isarray@1.0.0 OK for: readable-stream@2.3.8 want: ~1.0.0
290 silly placeDep node_modules/create-react-app process-nextick-args@2.0.1 OK for: readable-stream@2.3.8 want: ~2.0.0
291 silly placeDep node_modules/create-react-app safe-buffer@5.1.2 OK for: readable-stream@2.3.8 want: ~5.1.1
292 silly placeDep node_modules/create-react-app/node_modules/tar-pack string_decoder@1.1.1 OK for: readable-stream@2.3.8 want: ~1.1.1
293 silly placeDep node_modules/create-react-app util-deprecate@1.0.2 OK for: readable-stream@2.3.8 want: ~1.0.1
294 timing idealTree:node_modules/create-react-app/node_modules/tar-pack/node_modules/readable-stream Completed in 7ms
295 timing idealTree:node_modules/create-react-app/node_modules/process-nextick-args Completed in 0ms
296 timing idealTree:node_modules/create-react-app/node_modules/safe-buffer Completed in 0ms
297 timing idealTree:node_modules/create-react-app/node_modules/util-deprecate Completed in 0ms
298 timing idealTree:node_modules/create-react-app/node_modules/tar-pack/node_modules/isarray Completed in 0ms
299 timing idealTree:node_modules/create-react-app/node_modules/tar-pack/node_modules/string_decoder Completed in 0ms
300 timing idealTree:node_modules/create-react-app/node_modules/through2/node_modules/readable-stream Completed in 0ms
301 timing idealTree:node_modules/create-react-app/node_modules/tmp/node_modules/rimraf Completed in 0ms
302 timing idealTree:buildDeps Completed in 11898ms
303 timing idealTree:fixDepFlags Completed in 2ms
304 timing idealTree Completed in 11910ms
305 timing reify:loadTrees Completed in 11942ms
306 timing reify:diffTrees Completed in 7ms
307 silly reify mark retired [
307 silly reify   'C:\\Users\\asus\\AppData\\Roaming\\npm\\node_modules\\create-react-app',
307 silly reify   'C:\\Users\\asus\\AppData\\Roaming\\npm\\create-react-app',
307 silly reify   'C:\\Users\\asus\\AppData\\Roaming\\npm\\create-react-app.cmd',
307 silly reify   'C:\\Users\\asus\\AppData\\Roaming\\npm\\create-react-app.ps1'
307 silly reify ]
308 silly reify moves {
308 silly reify   'C:\\Users\\asus\\AppData\\Roaming\\npm\\node_modules\\create-react-app': 'C:\\Users\\asus\\AppData\\Roaming\\npm\\node_modules\\.create-react-app-Xr4vIJ8y',
308 silly reify   'C:\\Users\\asus\\AppData\\Roaming\\npm\\create-react-app': 'C:\\Users\\asus\\AppData\\Roaming\\npm\\.create-react-app-wshzWYiy',
308 silly reify   'C:\\Users\\asus\\AppData\\Roaming\\npm\\create-react-app.cmd': 'C:\\Users\\asus\\AppData\\Roaming\\npm\\.create-react-app.cmd-nUTcjSK2',
308 silly reify   'C:\\Users\\asus\\AppData\\Roaming\\npm\\create-react-app.ps1': 'C:\\Users\\asus\\AppData\\Roaming\\npm\\.create-react-app.ps1-ivFJik0U'
308 silly reify }
309 timing reify:retireShallow Completed in 9ms
310 timing reify:createSparse Completed in 20ms
311 timing reify:loadBundles Completed in 0ms
312 timing reifyNode:node_modules/create-react-app/node_modules/wrappy Completed in 177ms
313 timing reifyNode:node_modules/create-react-app/node_modules/universalify Completed in 178ms
314 timing reifyNode:node_modules/create-react-app/node_modules/shebang-command Completed in 177ms
315 timing reifyNode:node_modules/create-react-app/node_modules/process-nextick-args Completed in 178ms
316 timing reifyNode:node_modules/create-react-app/node_modules/once Completed in 178ms
317 timing reifyNode:node_modules/create-react-app/node_modules/path-is-absolute Completed in 178ms
318 timing reifyNode:node_modules/create-react-app/node_modules/ms Completed in 178ms
319 timing reifyNode:node_modules/create-react-app/node_modules/inflight Completed in 177ms
320 timing reifyNode:node_modules/create-react-app/node_modules/fstream-ignore Completed in 178ms
321 timing reifyNode:node_modules/create-react-app/node_modules/buffer-from Completed in 178ms
322 timing reifyNode:node_modules/create-react-app/node_modules/color-name Completed in 179ms
323 timing reifyNode:node_modules/create-react-app/node_modules/brace-expansion Completed in 179ms
324 timing reifyNode:node_modules/create-react-app/node_modules/lru-cache Completed in 183ms
325 timing reifyNode:node_modules/create-react-app/node_modules/core-util-is Completed in 182ms
326 timing reifyNode:node_modules/create-react-app/node_modules/minimatch Completed in 185ms
327 timing reifyNode:node_modules/create-react-app/node_modules/uid-number Completed in 193ms
328 timing reifyNode:node_modules/create-react-app/node_modules/string_decoder Completed in 193ms
329 timing reifyNode:node_modules/create-react-app/node_modules/through2 Completed in 194ms
330 timing reifyNode:node_modules/create-react-app/node_modules/supports-color Completed in 193ms
331 timing reifyNode:node_modules/create-react-app/node_modules/shebang-regex Completed in 193ms
332 timing reifyNode:node_modules/create-react-app/node_modules/path-key Completed in 193ms
333 timing reifyNode:node_modules/create-react-app/node_modules/has-flag Completed in 193ms
334 timing reifyNode:node_modules/create-react-app/node_modules/kleur Completed in 194ms
335 timing reifyNode:node_modules/create-react-app/node_modules/inherits Completed in 194ms
336 timing reifyNode:node_modules/create-react-app/node_modules/yallist Completed in 197ms
337 timing reifyNode:node_modules/create-react-app/node_modules/block-stream Completed in 194ms
338 timing reifyNode:node_modules/create-react-app/node_modules/rimraf Completed in 197ms
339 timing reifyNode:node_modules/create-react-app/node_modules/isarray Completed in 197ms
340 timing reifyNode:node_modules/create-react-app/node_modules/sisteransi Completed in 198ms
341 timing reifyNode:node_modules/create-react-app/node_modules/safe-buffer Completed in 199ms
342 timing reifyNode:node_modules/create-react-app/node_modules/fs.realpath Completed in 199ms
343 timing reifyNode:node_modules/create-react-app/node_modules/ansi-styles Completed in 198ms
344 timing reifyNode:node_modules/create-react-app/node_modules/tar-pack/node_modules/string_decoder Completed in 201ms
345 timing reifyNode:node_modules/create-react-app/node_modules/balanced-match Completed in 198ms
346 timing reifyNode:node_modules/create-react-app Completed in 203ms
347 timing reifyNode:node_modules/create-react-app/node_modules/util-deprecate Completed in 204ms
348 timing reifyNode:node_modules/create-react-app/node_modules/tmp Completed in 207ms
349 timing reifyNode:node_modules/create-react-app/node_modules/tmp/node_modules/rimraf Completed in 207ms
350 timing reifyNode:node_modules/create-react-app/node_modules/jsonfile Completed in 207ms
351 timing reifyNode:node_modules/create-react-app/node_modules/mkdirp Completed in 207ms
352 timing reifyNode:node_modules/create-react-app/node_modules/which Completed in 208ms
353 timing reifyNode:node_modules/create-react-app/node_modules/xtend Completed in 212ms
354 timing reifyNode:node_modules/create-react-app/node_modules/glob Completed in 211ms
355 timing reifyNode:node_modules/create-react-app/node_modules/builtins Completed in 210ms
356 timing reifyNode:node_modules/create-react-app/node_modules/graceful-fs Completed in 212ms
357 timing reifyNode:node_modules/create-react-app/node_modules/concat-map Completed in 216ms
358 timing reifyNode:node_modules/create-react-app/node_modules/color-convert Completed in 215ms
359 timing reifyNode:node_modules/create-react-app/node_modules/envinfo Completed in 217ms
360 timing reifyNode:node_modules/create-react-app/node_modules/tar-pack/node_modules/isarray Completed in 220ms
361 timing reifyNode:node_modules/create-react-app/node_modules/chalk Completed in 219ms
362 timing reifyNode:node_modules/create-react-app/node_modules/commander Completed in 218ms
363 timing reifyNode:node_modules/create-react-app/node_modules/isexe Completed in 222ms
364 timing reifyNode:node_modules/create-react-app/node_modules/duplexer2 Completed in 221ms
365 timing reifyNode:node_modules/create-react-app/node_modules/validate-npm-package-name Completed in 230ms
366 timing reifyNode:node_modules/create-react-app/node_modules/cross-spawn Completed in 231ms
367 timing reifyNode:node_modules/create-react-app/node_modules/tar-pack Completed in 239ms
368 timing reifyNode:node_modules/create-react-app/node_modules/through2/node_modules/readable-stream Completed in 252ms
369 timing reifyNode:node_modules/create-react-app/node_modules/readable-stream Completed in 255ms
370 timing reifyNode:node_modules/create-react-app/node_modules/debug Completed in 258ms
371 timing reifyNode:node_modules/create-react-app/node_modules/hyperquest Completed in 261ms
372 timing reifyNode:node_modules/create-react-app/node_modules/fstream Completed in 274ms
373 timing reifyNode:node_modules/create-react-app/node_modules/minimist Completed in 277ms
374 timing reifyNode:node_modules/create-react-app/node_modules/tar-pack/node_modules/readable-stream Completed in 282ms
375 timing reifyNode:node_modules/create-react-app/node_modules/fs-extra Completed in 296ms
376 timing reifyNode:node_modules/create-react-app/node_modules/semver Completed in 318ms
377 timing reifyNode:node_modules/create-react-app/node_modules/prompts Completed in 351ms
378 warn deprecated tar@2.2.2: This version of tar is no longer supported, and will not receive security updates. Please upgrade asap.
379 timing reifyNode:node_modules/create-react-app/node_modules/tar Completed in 419ms
380 timing reify:unpack Completed in 421ms
381 timing reify:unretire Completed in 0ms
382 timing build:queue Completed in 2ms
383 timing build:link:node_modules/create-react-app/node_modules/envinfo Completed in 12ms
384 timing build:link:node_modules/create-react-app/node_modules/mkdirp Completed in 13ms
385 timing build:link:node_modules/create-react-app/node_modules/which Completed in 13ms
386 timing build:link:node_modules/create-react-app/node_modules/semver Completed in 13ms
387 timing build:link:node_modules/create-react-app/node_modules/tmp/node_modules/rimraf Completed in 13ms
388 timing build:link:node_modules/create-react-app/node_modules/rimraf Completed in 13ms
389 timing build:link:node_modules/create-react-app Completed in 13ms
390 timing build:link Completed in 14ms
391 timing build:deps Completed in 16ms
392 timing build Completed in 16ms
393 timing reify:build Completed in 17ms
394 timing reify:trash Completed in 108ms
395 timing reify Completed in 12534ms
396 silly CHANGE node_modules/create-react-app
397 silly CHANGE node_modules/create-react-app/node_modules/validate-npm-package-name
398 silly CHANGE node_modules/create-react-app/node_modules/xtend
399 silly CHANGE node_modules/create-react-app/node_modules/wrappy
400 silly CHANGE node_modules/create-react-app/node_modules/yallist
401 silly CHANGE node_modules/create-react-app/node_modules/which
402 silly CHANGE node_modules/create-react-app/node_modules/tmp
403 silly CHANGE node_modules/create-react-app/node_modules/tmp/node_modules/rimraf
404 silly CHANGE node_modules/create-react-app/node_modules/uid-number
405 silly CHANGE node_modules/create-react-app/node_modules/util-deprecate
406 silly CHANGE node_modules/create-react-app/node_modules/universalify
407 silly CHANGE node_modules/create-react-app/node_modules/through2
408 silly CHANGE node_modules/create-react-app/node_modules/through2/node_modules/readable-stream
409 silly CHANGE node_modules/create-react-app/node_modules/tar-pack
410 silly CHANGE node_modules/create-react-app/node_modules/tar-pack/node_modules/readable-stream
411 silly CHANGE node_modules/create-react-app/node_modules/tar-pack/node_modules/string_decoder
412 silly CHANGE node_modules/create-react-app/node_modules/tar-pack/node_modules/isarray
413 silly CHANGE node_modules/create-react-app/node_modules/string_decoder
414 silly CHANGE node_modules/create-react-app/node_modules/tar
415 silly CHANGE node_modules/create-react-app/node_modules/shebang-command
416 silly CHANGE node_modules/create-react-app/node_modules/supports-color
417 silly CHANGE node_modules/create-react-app/node_modules/sisteransi
418 silly CHANGE node_modules/create-react-app/node_modules/shebang-regex
419 silly CHANGE node_modules/create-react-app/node_modules/semver
420 silly CHANGE node_modules/create-react-app/node_modules/safe-buffer
421 silly CHANGE node_modules/create-react-app/node_modules/rimraf
422 silly CHANGE node_modules/create-react-app/node_modules/readable-stream
423 silly CHANGE node_modules/create-react-app/node_modules/prompts
424 silly CHANGE node_modules/create-react-app/node_modules/process-nextick-args
425 silly CHANGE node_modules/create-react-app/node_modules/path-is-absolute
426 silly CHANGE node_modules/create-react-app/node_modules/path-key
427 silly CHANGE node_modules/create-react-app/node_modules/once
428 silly CHANGE node_modules/create-react-app/node_modules/mkdirp
429 silly CHANGE node_modules/create-react-app/node_modules/minimist
430 silly CHANGE node_modules/create-react-app/node_modules/minimatch
431 silly CHANGE node_modules/create-react-app/node_modules/jsonfile
432 silly CHANGE node_modules/create-react-app/node_modules/ms
433 silly CHANGE node_modules/create-react-app/node_modules/isarray
434 silly CHANGE node_modules/create-react-app/node_modules/lru-cache
435 silly CHANGE node_modules/create-react-app/node_modules/kleur
436 silly CHANGE node_modules/create-react-app/node_modules/isexe
437 silly CHANGE node_modules/create-react-app/node_modules/inherits
438 silly CHANGE node_modules/create-react-app/node_modules/graceful-fs
439 silly CHANGE node_modules/create-react-app/node_modules/inflight
440 silly CHANGE node_modules/create-react-app/node_modules/has-flag
441 silly CHANGE node_modules/create-react-app/node_modules/hyperquest
442 silly CHANGE node_modules/create-react-app/node_modules/glob
443 silly CHANGE node_modules/create-react-app/node_modules/fs-extra
444 silly CHANGE node_modules/create-react-app/node_modules/fstream-ignore
445 silly CHANGE node_modules/create-react-app/node_modules/envinfo
446 silly CHANGE node_modules/create-react-app/node_modules/duplexer2
447 silly CHANGE node_modules/create-react-app/node_modules/fstream
448 silly CHANGE node_modules/create-react-app/node_modules/chalk
449 silly CHANGE node_modules/create-react-app/node_modules/fs.realpath
450 silly CHANGE node_modules/create-react-app/node_modules/debug
451 silly CHANGE node_modules/create-react-app/node_modules/concat-map
452 silly CHANGE node_modules/create-react-app/node_modules/cross-spawn
453 silly CHANGE node_modules/create-react-app/node_modules/color-name
454 silly CHANGE node_modules/create-react-app/node_modules/buffer-from
455 silly CHANGE node_modules/create-react-app/node_modules/commander
456 silly CHANGE node_modules/create-react-app/node_modules/core-util-is
457 silly CHANGE node_modules/create-react-app/node_modules/brace-expansion
458 silly CHANGE node_modules/create-react-app/node_modules/color-convert
459 silly CHANGE node_modules/create-react-app/node_modules/builtins
460 silly CHANGE node_modules/create-react-app/node_modules/block-stream
461 silly CHANGE node_modules/create-react-app/node_modules/balanced-match
462 silly CHANGE node_modules/create-react-app/node_modules/ansi-styles
463 timing command:install Completed in 12541ms
464 verbose exit 0
465 timing npm Completed in 12974ms
466 info ok
