0 verbose cli C:\Program Files\nodejs\node.exe C:\Program Files\nodejs\node_modules\npm\bin\npm-cli.js
1 info using npm@10.2.3
2 info using node@v20.10.0
3 timing npm:load:whichnode Completed in 2ms
4 timing config:load:defaults Completed in 3ms
5 timing config:load:file:C:\Program Files\nodejs\node_modules\npm\npmrc Completed in 6ms
6 timing config:load:builtin Completed in 6ms
7 timing config:load:cli Completed in 2ms
8 timing config:load:env Completed in 1ms
9 timing config:load:project Completed in 1ms
10 timing config:load:file:C:\Users\asus\.npmrc Completed in 0ms
11 timing config:load:user Completed in 0ms
12 timing config:load:file:C:\Users\asus\AppData\Roaming\npm\etc\npmrc Completed in 1ms
13 timing config:load:global Completed in 1ms
14 timing config:load:setEnvs Completed in 1ms
15 timing config:load Completed in 15ms
16 timing npm:load:configload Completed in 15ms
17 timing config:load:flatten Completed in 2ms
18 timing npm:load:mkdirpcache Completed in 1ms
19 timing npm:load:mkdirplogs Completed in 1ms
20 verbose title npm install npm@11.8.0
21 verbose argv "install" "--global" "npm@11.8.0"
22 timing npm:load:setTitle Completed in 1ms
23 timing npm:load:display Completed in 1ms
24 verbose logfile logs-max:10 dir:C:\Users\asus\AppData\Local\npm-cache\_logs\2026-01-23T14_14_59_717Z-
25 verbose logfile C:\Users\asus\AppData\Local\npm-cache\_logs\2026-01-23T14_14_59_717Z-debug-0.log
26 timing npm:load:logFile Completed in 10ms
27 timing npm:load:timers Completed in 0ms
28 timing npm:load:configScope Completed in 0ms
29 timing npm:load Completed in 67ms
30 timing config:load:flatten Completed in 0ms
31 silly logfile start cleaning logs, removing 2 files
32 silly logfile done cleaning log files
33 http fetch GET 200 https://registry.npmjs.org/npm 24ms (cache hit)
34 timing command:install Completed in 49ms
35 verbose stack Error: Unsupported engine
35 verbose stack     at Object.checkEngine (C:\Program Files\nodejs\node_modules\npm\node_modules\npm-install-checks\lib\index.js:14:25)
35 verbose stack     at Install.exec (C:\Program Files\nodejs\node_modules\npm\lib\commands\install.js:115:16)
35 verbose stack     at async module.exports (C:\Program Files\nodejs\node_modules\npm\lib\cli-entry.js:61:5)
36 verbose pkgid npm@11.8.0
37 verbose cwd C:\Users\asus
38 verbose Windows_NT 10.0.26200
39 verbose node v20.10.0
40 verbose npm  v10.2.3
41 error code EBADENGINE
42 error engine Unsupported engine
43 error engine Not compatible with your version of node/npm: npm@11.8.0
44 error notsup Not compatible with your version of node/npm: npm@11.8.0
44 error notsup Required: {"node":"^20.17.0 || >=22.9.0"}
44 error notsup Actual:   {"npm":"10.2.3","node":"v20.10.0"}
45 verbose exit 1
46 timing npm Completed in 512ms
47 verbose code 1
48 error A complete log of this run can be found in: C:\Users\asus\AppData\Local\npm-cache\_logs\2026-01-23T14_14_59_717Z-debug-0.log
